<?xml version="1.0" encoding="utf-8"?><testsuites><testsuite errors="0" failures="0" hostname="c9d0ac892abe" name="pytest" skipped="0" tests="1" time="3.927" timestamp="2020-04-23T13:06:55.133490"><testcase classname="tests.test_api" file="../home/tina/VIAA/s3io/tests/test_api.py" line="14" name="test_health" time="0.015"></testcase></testsuite></testsuites>