<?xml version="1.0" encoding="utf-8"?><testsuites><testsuite errors="0" failures="0" hostname="cb7647914a37" name="pytest" skipped="0" tests="1" time="5.007" timestamp="2020-04-24T08:11:40.139538"><testcase classname="tests.test_api" file="../home/tina/VIAA/s3io/tests/test_api.py" line="14" name="test_health" time="0.021"></testcase></testsuite></testsuites>